python : Creating test database for alias 'default'...
En línea: 1 Carácter: 1
+ python manage.py test detector.tests --no-input > test_output.txt 2>& ...
+ ~~~~~~~~~~~~~~~~~~~~~~~~~~~~~~~~~~~~~~~~~~~~~~~~~~~~~~~~~~~~~~~~~~~~~
    + CategoryInfo          : NotSpecified: (Creating test d...as 'default'...:String) [], RemoteException
    + FullyQualifiedErrorId : NativeCommandError
 

............................................
----------------------------------------------------------------------
Ran 44 tests in 0.558s

OK
Destroying test database for alias 'default'...

Found 44 test(s).
System check identified no issues (0 silenced).
